RESOURCE_RECEIPT {"tests": 78, "failures": 0, "errors": 0, "wall_seconds": 28.060179486000003, "process_cpu_seconds": 17.463049288, "rss_high_water_bytes": 459849728, "cpu_threads": 4, "affinity_cpu_count": 4, "virtual_address_limit": 8589934592, "artificial": true, "research_payloads": false, "physics": false, "gpu": false, "slurm": false}
test_adverse_source_clustered_full_axes_no_success_filter (dtv_success_cost.test_pipeline.Analysis) ... ok
test_duplicates_and_missing_seeds_rejected (dtv_success_cost.test_pipeline.Analysis) ... ok
test_precision_small_effects_assumes_losses (dtv_success_cost.test_pipeline.Analysis) ... ok
test_archive_inventory_whole_and_every_member (dtv_success_cost.test_pipeline.Authentication) ... ok
test_archive_root_escape_and_missing_members_rejected (dtv_success_cost.test_pipeline.Authentication) ... ok
test_complete_grid_raw_accounting_gate_and_duplicate_fault (dtv_success_cost.test_pipeline.Authentication) ... ok
test_complete_worker_schema_under_output_limit (dtv_success_cost.test_pipeline.Authentication) ... ok
test_preservation_deadline_preserves_fault_and_does_not_retry (dtv_success_cost.test_pipeline.Authentication) ... ok
test_preservation_request_paths_caps_and_bindings (dtv_success_cost.test_pipeline.Authentication) ... ok
test_real_worker_seal_trace_readback_and_independent_acceptance (dtv_success_cost.test_pipeline.Authentication) ... ok
test_save_readback_seal_and_tamper (dtv_success_cost.test_pipeline.Authentication) ... ok
test_adverse_failure_trace_retained (dtv_success_cost.test_pipeline.ClosedLoop) ... ok
test_complete_trace_all_native_endpoints_and_cadence (dtv_success_cost.test_pipeline.ClosedLoop) ... ok
test_early_terminal_no_postwork (dtv_success_cost.test_pipeline.ClosedLoop) ... ok
test_initial_success_zero_work_not_excluded (dtv_success_cost.test_pipeline.ClosedLoop) ... ok
test_mutated_action_endpoint_or_timing_rejected (dtv_success_cost.test_pipeline.ClosedLoop) ... ok
test_native_boundary_strict_no_relaxed_endpoints (dtv_success_cost.test_pipeline.ClosedLoop) ... ok
test_ambiguous_submission_never_repeated (dtv_success_cost.test_pipeline.Control) ... ok
test_capability_disabled_before_payloads (dtv_success_cost.test_pipeline.Control) ... ok
test_exact_full_grid_and_integer_minute_resources (dtv_success_cost.test_pipeline.Control) ... ok
test_full_future_footprint_fits_and_failures_retained (dtv_success_cost.test_pipeline.Control) ... ok
test_intervening_metadata_assignment_blocks_without_new_payload (dtv_success_cost.test_pipeline.Control) ... ok
test_missing_status_bounded_and_no_charge_fabricated (dtv_success_cost.test_pipeline.Control) ... ok
test_remote_bindings_posix_and_cohort_whole_parent_exclusion (dtv_success_cost.test_pipeline.Control) ... ok
test_visibility_and_terminal_failure_charged_once (dtv_success_cost.test_pipeline.Control) ... ok
test_wrong_node_or_gpu_rejected (dtv_success_cost.test_pipeline.Control) ... ok
test_wrong_task_terminal_charge_preserved (dtv_success_cost.test_pipeline.Control) ... ok
test_28_prefix_of_30_and_exact_final_elite_mean_every_method (dtv_success_cost.test_science.ActualComponents) ... ok
test_actual_world_model_policy_cadence_and_decoder (dtv_success_cost.test_science.ActualComponents) ... ok
test_exact_single_bank_not_sliced_and_lambda_routing (dtv_success_cost.test_science.ActualComponents) ... ok
test_fresh_initializer_factories_use_actual_saved_state_before_wrapper (dtv_success_cost.test_science.ActualComponents) ... ok
test_frozen_decoder_exact_sklearn_float32_no_refit (dtv_success_cost.test_science.ActualComponents) ... ok
test_archive_rejects_parent_escape (dtv_efficiency.test_profile.Contract) ... ok
test_balanced_order_each_position (dtv_efficiency.test_profile.Contract) ... ok
test_campaign_full_future_reservation_and_no_requeue (dtv_efficiency.test_profile.Contract) ... ok
test_complete_serialized_footprint_reservation (dtv_efficiency.test_profile.Contract) ... ok
test_disabled_gate_before_torch_or_payload_access (dtv_efficiency.test_profile.Contract) ... ok
test_exact_grid_all_tasks_and_seeds_no_fastest_selection (dtv_efficiency.test_profile.Contract) ... ok
test_exact_input_context_role_never_later_reference_ids (dtv_efficiency.test_profile.Contract) ... ok
test_exact_world_loader_rejects_newest_directory_fallback (dtv_efficiency.test_profile.Contract) ... ok
test_nonfinite_timings_are_rejected (dtv_efficiency.test_profile.Contract) ... ok
test_quantiles_and_no_averaging_unlike_scopes (dtv_efficiency.test_profile.Contract) ... ok
test_report_keeps_unfavorable_cells_and_separate_boundaries (dtv_efficiency.test_profile.Contract) ... ok
test_source_authenticated_metadata_and_no_payload_recovery (dtv_efficiency.test_profile.Contract) ... ok
test_whole_member_verification_detects_corruption (dtv_efficiency.test_profile.Contract) ... ok
test_wrong_binding_and_missing_authority_rejected (dtv_efficiency.test_profile.Contract) ... ok
test_wrong_gpu_or_missing_allocation_rejected (dtv_efficiency.test_profile.Contract) ... ok
test_all_five_original_delegated_paths (dtv_efficiency.test_profile.Integration) ... ok
test_cem_trace_indices_plan_rng_full_thirty_rounds (dtv_efficiency.test_profile.Integration) ... ok
test_chunks_preserve_dtv_forward_and_acid_draws (dtv_efficiency.test_profile.Integration) ... ok
test_d1_reduction_and_scaling (dtv_efficiency.test_profile.Integration) ... ok
test_dtv_literal_matches_original_multilevel_equation (dtv_efficiency.test_profile.Integration) ... ok
test_equivalence_rejects_changed_values_without_tolerance_relaxation (dtv_efficiency.test_profile.Integration) ... ok
test_no_score_cache_and_one_rollout_each_call (dtv_efficiency.test_profile.Integration) ... ok
test_operational_cpu_diagnostics_retained (dtv_efficiency.test_profile.Integration) ... ok
test_separate_owned_equal_initial_streams_diverge_by_decisions (dtv_efficiency.test_profile.Integration) ... ok
test_single_noise_bank_is_new_first_draw_not_legacy_middle (dtv_efficiency.test_profile.Integration) ... ok
test_v3_forward_and_acid_lambdas (dtv_efficiency.test_profile.Integration) ... ok
test_warmup_reset_cost_call_index (dtv_efficiency.test_profile.Integration) ... ok
test_disabled_corrected_worker_gate (dtv_efficiency_r1.test_control.Contract) ... ok
test_full_grid_complete_outputs_and_independent_acceptance (dtv_efficiency_r1.test_control.Contract) ... ok
test_generated_exact_minutes_and_full_grid_reservation (dtv_efficiency_r1.test_control.Contract) ... ok
test_hot_path_helpers_and_entire_workload_unchanged_ast (dtv_efficiency_r1.test_control.Contract) ... ok
test_only_control_bindings_change_all_science_preserved (dtv_efficiency_r1.test_control.Contract) ... ok
test_expired_before_child_startup_does_not_start_work (dtv_efficiency_r1.test_control.Deadline) ... ok
test_mock_blocking_operation_killed_partial_evidence_preserved (dtv_efficiency_r1.test_control.Deadline) ... ok
test_normal_completion_and_startup_failure_artifacts (dtv_efficiency_r1.test_control.Deadline) ... ok
test_prior_startup_time_counts_no_deadline_reset (dtv_efficiency_r1.test_control.Deadline) ... ok
test_command_error_not_grace_or_guessed_charge (dtv_efficiency_r1.test_control.Scheduler) ... ok
test_duplicate_matching_rows_rejected (dtv_efficiency_r1.test_control.Scheduler) ... ok
test_empty_empty_running_completed_same_allocation (dtv_efficiency_r1.test_control.Scheduler) ... ok
test_live_suspended_not_terminal (dtv_efficiency_r1.test_control.Scheduler) ... ok
test_persistently_empty_is_scoped_unresolved_no_guess_charge (dtv_efficiency_r1.test_control.Scheduler) ... ok
test_terminal_failure_charge_carried_once_no_resubmit (dtv_efficiency_r1.test_control.Scheduler) ... ok
test_terminal_record_fault_does_not_reset_actual_charge (dtv_efficiency_r1.test_control.Scheduler) ... ok
test_unknown_state_not_terminal (dtv_efficiency_r1.test_control.Scheduler) ... ok
test_wrong_allocation_rejected_no_charge (dtv_efficiency_r1.test_control.Scheduler) ... ok
test_wrong_task_rejected_no_charge (dtv_efficiency_r1.test_control.Scheduler) ... ok

----------------------------------------------------------------------
Ran 78 tests in 22.339s

OK
