RESOURCE_RECEIPT {"tests": 71, "failures": 0, "errors": 16, "wall_seconds": 23.75839729599999, "process_cpu_seconds": 7.164953452, "rss_high_water_bytes": 356577280, "cpu_threads": 4, "affinity_cpu_count": 4, "virtual_address_limit": 8589934592, "artificial": true, "research_payloads": false, "physics": false, "gpu": false, "slurm": false}
test_adverse_source_clustered_full_axes_no_success_filter (dtv_success_cost.test_pipeline.Analysis) ... ok
test_duplicates_and_missing_seeds_rejected (dtv_success_cost.test_pipeline.Analysis) ... ok
test_precision_small_effects_assumes_losses (dtv_success_cost.test_pipeline.Analysis) ... ok
test_archive_inventory_whole_and_every_member (dtv_success_cost.test_pipeline.Authentication) ... ok
test_archive_root_escape_and_missing_members_rejected (dtv_success_cost.test_pipeline.Authentication) ... ok
test_complete_worker_schema_under_output_limit (dtv_success_cost.test_pipeline.Authentication) ... ok
test_save_readback_seal_and_tamper (dtv_success_cost.test_pipeline.Authentication) ... ok
test_adverse_failure_trace_retained (dtv_success_cost.test_pipeline.ClosedLoop) ... ok
test_complete_trace_all_native_endpoints_and_cadence (dtv_success_cost.test_pipeline.ClosedLoop) ... ok
test_early_terminal_no_postwork (dtv_success_cost.test_pipeline.ClosedLoop) ... ok
test_initial_success_zero_work_not_excluded (dtv_success_cost.test_pipeline.ClosedLoop) ... ok
test_mutated_action_endpoint_or_timing_rejected (dtv_success_cost.test_pipeline.ClosedLoop) ... ok
test_native_boundary_strict_no_relaxed_endpoints (dtv_success_cost.test_pipeline.ClosedLoop) ... ok
test_ambiguous_submission_never_repeated (dtv_success_cost.test_pipeline.Control) ... ok
test_capability_disabled_before_payloads (dtv_success_cost.test_pipeline.Control) ... ok
test_exact_full_grid_and_integer_minute_resources (dtv_success_cost.test_pipeline.Control) ... ok
test_full_future_footprint_fits_and_failures_retained (dtv_success_cost.test_pipeline.Control) ... ok
test_missing_status_bounded_and_no_charge_fabricated (dtv_success_cost.test_pipeline.Control) ... ok
test_visibility_and_terminal_failure_charged_once (dtv_success_cost.test_pipeline.Control) ... ok
test_wrong_node_or_gpu_rejected (dtv_success_cost.test_pipeline.Control) ... ok
test_wrong_task_terminal_charge_preserved (dtv_success_cost.test_pipeline.Control) ... ok
test_28_prefix_of_30_and_exact_final_elite_mean_every_method (dtv_success_cost.test_science.ActualComponents) ... ERROR
test_actual_world_model_policy_cadence_and_decoder (dtv_success_cost.test_science.ActualComponents) ... ERROR
test_exact_single_bank_not_sliced_and_lambda_routing (dtv_success_cost.test_science.ActualComponents) ... ERROR
test_fresh_initializer_factories_use_actual_saved_state_before_wrapper (dtv_success_cost.test_science.ActualComponents) ... ERROR
test_archive_rejects_parent_escape (dtv_efficiency.test_profile.Contract) ... ok
test_balanced_order_each_position (dtv_efficiency.test_profile.Contract) ... ok
test_campaign_full_future_reservation_and_no_requeue (dtv_efficiency.test_profile.Contract) ... ok
test_complete_serialized_footprint_reservation (dtv_efficiency.test_profile.Contract) ... ok
test_disabled_gate_before_torch_or_payload_access (dtv_efficiency.test_profile.Contract) ... ok
test_exact_grid_all_tasks_and_seeds_no_fastest_selection (dtv_efficiency.test_profile.Contract) ... ok
test_exact_input_context_role_never_later_reference_ids (dtv_efficiency.test_profile.Contract) ... ok
test_exact_world_loader_rejects_newest_directory_fallback (dtv_efficiency.test_profile.Contract) ... ok
test_nonfinite_timings_are_rejected (dtv_efficiency.test_profile.Contract) ... ok
test_quantiles_and_no_averaging_unlike_scopes (dtv_efficiency.test_profile.Contract) ... ok
test_report_keeps_unfavorable_cells_and_separate_boundaries (dtv_efficiency.test_profile.Contract) ... ok
test_source_authenticated_metadata_and_no_payload_recovery (dtv_efficiency.test_profile.Contract) ... ok
test_whole_member_verification_detects_corruption (dtv_efficiency.test_profile.Contract) ... ok
test_wrong_binding_and_missing_authority_rejected (dtv_efficiency.test_profile.Contract) ... ok
test_wrong_gpu_or_missing_allocation_rejected (dtv_efficiency.test_profile.Contract) ... ok
test_all_five_original_delegated_paths (dtv_efficiency.test_profile.Integration) ... ERROR
test_cem_trace_indices_plan_rng_full_thirty_rounds (dtv_efficiency.test_profile.Integration) ... ERROR
test_chunks_preserve_dtv_forward_and_acid_draws (dtv_efficiency.test_profile.Integration) ... ERROR
test_d1_reduction_and_scaling (dtv_efficiency.test_profile.Integration) ... ERROR
test_dtv_literal_matches_original_multilevel_equation (dtv_efficiency.test_profile.Integration) ... ERROR
test_equivalence_rejects_changed_values_without_tolerance_relaxation (dtv_efficiency.test_profile.Integration) ... ERROR
test_no_score_cache_and_one_rollout_each_call (dtv_efficiency.test_profile.Integration) ... ERROR
test_operational_cpu_diagnostics_retained (dtv_efficiency.test_profile.Integration) ... ERROR
test_separate_owned_equal_initial_streams_diverge_by_decisions (dtv_efficiency.test_profile.Integration) ... ERROR
test_single_noise_bank_is_new_first_draw_not_legacy_middle (dtv_efficiency.test_profile.Integration) ... ERROR
test_v3_forward_and_acid_lambdas (dtv_efficiency.test_profile.Integration) ... ERROR
test_warmup_reset_cost_call_index (dtv_efficiency.test_profile.Integration) ... ERROR
test_disabled_corrected_worker_gate (dtv_efficiency_r1.test_control.Contract) ... ok
test_full_grid_complete_outputs_and_independent_acceptance (dtv_efficiency_r1.test_control.Contract) ... ok
test_generated_exact_minutes_and_full_grid_reservation (dtv_efficiency_r1.test_control.Contract) ... ok
test_hot_path_helpers_and_entire_workload_unchanged_ast (dtv_efficiency_r1.test_control.Contract) ... ok
test_only_control_bindings_change_all_science_preserved (dtv_efficiency_r1.test_control.Contract) ... ok
test_expired_before_child_startup_does_not_start_work (dtv_efficiency_r1.test_control.Deadline) ... ok
test_mock_blocking_operation_killed_partial_evidence_preserved (dtv_efficiency_r1.test_control.Deadline) ... ok
test_normal_completion_and_startup_failure_artifacts (dtv_efficiency_r1.test_control.Deadline) ... ok
test_prior_startup_time_counts_no_deadline_reset (dtv_efficiency_r1.test_control.Deadline) ... ok
test_command_error_not_grace_or_guessed_charge (dtv_efficiency_r1.test_control.Scheduler) ... ok
test_duplicate_matching_rows_rejected (dtv_efficiency_r1.test_control.Scheduler) ... ok
test_empty_empty_running_completed_same_allocation (dtv_efficiency_r1.test_control.Scheduler) ... ok
test_live_suspended_not_terminal (dtv_efficiency_r1.test_control.Scheduler) ... ok
test_persistently_empty_is_scoped_unresolved_no_guess_charge (dtv_efficiency_r1.test_control.Scheduler) ... ok
test_terminal_failure_charge_carried_once_no_resubmit (dtv_efficiency_r1.test_control.Scheduler) ... ok
test_terminal_record_fault_does_not_reset_actual_charge (dtv_efficiency_r1.test_control.Scheduler) ... ok
test_unknown_state_not_terminal (dtv_efficiency_r1.test_control.Scheduler) ... ok
test_wrong_allocation_rejected_no_charge (dtv_efficiency_r1.test_control.Scheduler) ... ok
test_wrong_task_rejected_no_charge (dtv_efficiency_r1.test_control.Scheduler) ... ok

======================================================================
ERROR: test_28_prefix_of_30_and_exact_final_elite_mean_every_method (dtv_success_cost.test_science.ActualComponents)
----------------------------------------------------------------------
Traceback (most recent call last):
  File "/mnt/c/Users/Chris/thesis-recovery/dtv-efficiency-recovery-20260930/dtv_success_cost/test_science.py", line 37, in test_28_prefix_of_30_and_exact_final_elite_mean_every_method
    with torch.inference_mode(),contextlib.redirect_stdout(io.StringIO()):r28=s28.solve(self.info);r30=s30.solve(self.info)
  File "/home/chris/miniforge3/envs/thesis/lib/python3.10/site-packages/torch/utils/_contextlib.py", line 124, in decorate_context
    return func(*args, **kwargs)
  File "/mnt/c/Users/Chris/thesis-recovery/dtv-efficiency-recovery-20260930/docs/dtv-efficiency-20260930/evidence/runtime/stable_worldmodel/solver/cem.py", line 160, in solve
    costs = self.model.get_cost(current_info, candidates)
  File "/mnt/c/Users/Chris/thesis-recovery/dtv-efficiency-recovery-20260930/dtv_efficiency/profile.py", line 109, in get_cost
    costs=self.base.get_cost(info,actions)
  File "/home/chris/miniforge3/envs/thesis/lib/python3.10/site-packages/torch/utils/_contextlib.py", line 124, in decorate_context
    return func(*args, **kwargs)
  File "/mnt/c/Users/Chris/thesis-recovery/dtv-efficiency-recovery-20260930/docs/dtv-efficiency-20260930/evidence/snapshots/acid-alternative-core-v1-52acea39e4a1f6da/acid_alternative/costs.py", line 249, in get_cost
    goal_cost, trajectory, actions, goal_embedding = self._rollout_once(
  File "/mnt/c/Users/Chris/thesis-recovery/dtv-efficiency-recovery-20260930/docs/dtv-efficiency-20260930/evidence/snapshots/acid-alternative-core-v1-52acea39e4a1f6da/acid_alternative/costs.py", line 136, in _rollout_once
    device = next(self.world_model.parameters()).device
StopIteration

======================================================================
ERROR: test_actual_world_model_policy_cadence_and_decoder (dtv_success_cost.test_science.ActualComponents)
----------------------------------------------------------------------
Traceback (most recent call last):
  File "/mnt/c/Users/Chris/thesis-recovery/dtv-efficiency-recovery-20260930/dtv_success_cost/test_science.py", line 58, in test_actual_world_model_policy_cadence_and_decoder
    first=policy.get_action(dict(self.info));self.assertEqual(len(trace.rows),28)
  File "/mnt/c/Users/Chris/thesis-recovery/dtv-efficiency-recovery-20260930/docs/dtv-efficiency-20260930/evidence/runtime/stable_worldmodel/policy.py", line 401, in get_action
    outputs = self.solver(info_dict, init_action=self._next_init)
  File "/mnt/c/Users/Chris/thesis-recovery/dtv-efficiency-recovery-20260930/docs/dtv-efficiency-20260930/evidence/runtime/stable_worldmodel/solver/cem.py", line 77, in __call__
    return self.solve(*args, **kwargs)
  File "/home/chris/miniforge3/envs/thesis/lib/python3.10/site-packages/torch/utils/_contextlib.py", line 124, in decorate_context
    return func(*args, **kwargs)
  File "/mnt/c/Users/Chris/thesis-recovery/dtv-efficiency-recovery-20260930/docs/dtv-efficiency-20260930/evidence/runtime/stable_worldmodel/solver/cem.py", line 160, in solve
    costs = self.model.get_cost(current_info, candidates)
  File "/mnt/c/Users/Chris/thesis-recovery/dtv-efficiency-recovery-20260930/dtv_efficiency/profile.py", line 109, in get_cost
    costs=self.base.get_cost(info,actions)
  File "/home/chris/miniforge3/envs/thesis/lib/python3.10/site-packages/torch/utils/_contextlib.py", line 124, in decorate_context
    return func(*args, **kwargs)
  File "/mnt/c/Users/Chris/thesis-recovery/dtv-efficiency-recovery-20260930/docs/dtv-efficiency-20260930/evidence/snapshots/acid-alt-v3-d2-2c8f890c31e9f5bf/acid_alt_d2_models.py", line 647, in get_cost
    goal_cost, trajectory, actions, goal_embedding = self.rollout_model._rollout_once(
  File "/mnt/c/Users/Chris/thesis-recovery/dtv-efficiency-recovery-20260930/docs/dtv-efficiency-20260930/evidence/snapshots/acid-alternative-core-v1-52acea39e4a1f6da/acid_alternative/costs.py", line 136, in _rollout_once
    device = next(self.world_model.parameters()).device
StopIteration

======================================================================
ERROR: test_exact_single_bank_not_sliced_and_lambda_routing (dtv_success_cost.test_science.ActualComponents)
----------------------------------------------------------------------
Traceback (most recent call last):
  File "/mnt/c/Users/Chris/thesis-recovery/dtv-efficiency-recovery-20260930/dtv_success_cost/test_science.py", line 25, in setUp
    torch.manual_seed(99);self.world=World();self.job=dict(task='pusht',scorer_seed=6101,planner_seed=7101)
  File "/home/chris/miniforge3/envs/thesis/lib/python3.10/site-packages/torch/_compile.py", line 47, in inner
    import torch._dynamo
  File "/home/chris/miniforge3/envs/thesis/lib/python3.10/site-packages/torch/_dynamo/__init__.py", line 13, in <module>
    from . import (
  File "/home/chris/miniforge3/envs/thesis/lib/python3.10/site-packages/torch/_dynamo/aot_compile.py", line 17, in <module>
    from torch._dynamo.convert_frame import GraphRuntimeEnv
  File "/home/chris/miniforge3/envs/thesis/lib/python3.10/site-packages/torch/_dynamo/convert_frame.py", line 62, in <module>
    from torch._dynamo.symbolic_convert import TensorifyState
  File "/home/chris/miniforge3/envs/thesis/lib/python3.10/site-packages/torch/_dynamo/symbolic_convert.py", line 62, in <module>
    from . import (
  File "/home/chris/miniforge3/envs/thesis/lib/python3.10/site-packages/torch/_dynamo/trace_rules.py", line 45, in <module>
    import torch._inductor.test_operators
  File "/home/chris/miniforge3/envs/thesis/lib/python3.10/site-packages/torch/_inductor/test_operators.py", line 8, in <module>
    _test_lib_def = torch.library.Library("_inductor_test", "DEF")
  File "/home/chris/miniforge3/envs/thesis/lib/python3.10/site-packages/torch/library.py", line 244, in __init__
    self.m: Any | None = torch._C._dispatch_library(
RuntimeError: Only a single TORCH_LIBRARY can be used to register the namespace _inductor_test; please put all of your definitions in a single TORCH_LIBRARY block.  If you were trying to specify implementations, consider using TORCH_LIBRARY_IMPL (which can be duplicated).  If you really intended to define operators for a single namespace in a distributed way, you can use TORCH_LIBRARY_FRAGMENT to explicitly indicate this.  Previous registration of TORCH_LIBRARY was registered at /home/chris/miniforge3/envs/thesis/lib/python3.10/site-packages/torch/_inductor/test_operators.py:8; latest registration was registered at /home/chris/miniforge3/envs/thesis/lib/python3.10/site-packages/torch/_inductor/test_operators.py:8

======================================================================
ERROR: test_fresh_initializer_factories_use_actual_saved_state_before_wrapper (dtv_success_cost.test_science.ActualComponents)
----------------------------------------------------------------------
Traceback (most recent call last):
  File "/mnt/c/Users/Chris/thesis-recovery/dtv-efficiency-recovery-20260930/dtv_success_cost/test_science.py", line 25, in setUp
    torch.manual_seed(99);self.world=World();self.job=dict(task='pusht',scorer_seed=6101,planner_seed=7101)
  File "/home/chris/miniforge3/envs/thesis/lib/python3.10/site-packages/torch/_compile.py", line 47, in inner
    import torch._dynamo
  File "/home/chris/miniforge3/envs/thesis/lib/python3.10/site-packages/torch/_dynamo/__init__.py", line 13, in <module>
    from . import (
  File "/home/chris/miniforge3/envs/thesis/lib/python3.10/site-packages/torch/_dynamo/aot_compile.py", line 17, in <module>
    from torch._dynamo.convert_frame import GraphRuntimeEnv
  File "/home/chris/miniforge3/envs/thesis/lib/python3.10/site-packages/torch/_dynamo/convert_frame.py", line 62, in <module>
    from torch._dynamo.symbolic_convert import TensorifyState
  File "/home/chris/miniforge3/envs/thesis/lib/python3.10/site-packages/torch/_dynamo/symbolic_convert.py", line 62, in <module>
    from . import (
  File "/home/chris/miniforge3/envs/thesis/lib/python3.10/site-packages/torch/_dynamo/trace_rules.py", line 45, in <module>
    import torch._inductor.test_operators
  File "/home/chris/miniforge3/envs/thesis/lib/python3.10/site-packages/torch/_inductor/test_operators.py", line 8, in <module>
    _test_lib_def = torch.library.Library("_inductor_test", "DEF")
  File "/home/chris/miniforge3/envs/thesis/lib/python3.10/site-packages/torch/library.py", line 244, in __init__
    self.m: Any | None = torch._C._dispatch_library(
RuntimeError: Only a single TORCH_LIBRARY can be used to register the namespace _inductor_test; please put all of your definitions in a single TORCH_LIBRARY block.  If you were trying to specify implementations, consider using TORCH_LIBRARY_IMPL (which can be duplicated).  If you really intended to define operators for a single namespace in a distributed way, you can use TORCH_LIBRARY_FRAGMENT to explicitly indicate this.  Previous registration of TORCH_LIBRARY was registered at /home/chris/miniforge3/envs/thesis/lib/python3.10/site-packages/torch/_inductor/test_operators.py:8; latest registration was registered at /home/chris/miniforge3/envs/thesis/lib/python3.10/site-packages/torch/_inductor/test_operators.py:8

======================================================================
ERROR: test_all_five_original_delegated_paths (dtv_efficiency.test_profile.Integration)
----------------------------------------------------------------------
Traceback (most recent call last):
  File "/mnt/c/Users/Chris/thesis-recovery/dtv-efficiency-recovery-20260930/dtv_efficiency/test_profile.py", line 49, in setUp
    torch.manual_seed(99);self.world=World();self.job=dict(task='pusht',scorer_seed=6101,planner_seed=7101)
  File "/home/chris/miniforge3/envs/thesis/lib/python3.10/site-packages/torch/_compile.py", line 47, in inner
    import torch._dynamo
  File "/home/chris/miniforge3/envs/thesis/lib/python3.10/site-packages/torch/_dynamo/__init__.py", line 13, in <module>
    from . import (
  File "/home/chris/miniforge3/envs/thesis/lib/python3.10/site-packages/torch/_dynamo/aot_compile.py", line 17, in <module>
    from torch._dynamo.convert_frame import GraphRuntimeEnv
  File "/home/chris/miniforge3/envs/thesis/lib/python3.10/site-packages/torch/_dynamo/convert_frame.py", line 62, in <module>
    from torch._dynamo.symbolic_convert import TensorifyState
  File "/home/chris/miniforge3/envs/thesis/lib/python3.10/site-packages/torch/_dynamo/symbolic_convert.py", line 62, in <module>
    from . import (
  File "/home/chris/miniforge3/envs/thesis/lib/python3.10/site-packages/torch/_dynamo/trace_rules.py", line 45, in <module>
    import torch._inductor.test_operators
  File "/home/chris/miniforge3/envs/thesis/lib/python3.10/site-packages/torch/_inductor/test_operators.py", line 8, in <module>
    _test_lib_def = torch.library.Library("_inductor_test", "DEF")
  File "/home/chris/miniforge3/envs/thesis/lib/python3.10/site-packages/torch/library.py", line 244, in __init__
    self.m: Any | None = torch._C._dispatch_library(
RuntimeError: Only a single TORCH_LIBRARY can be used to register the namespace _inductor_test; please put all of your definitions in a single TORCH_LIBRARY block.  If you were trying to specify implementations, consider using TORCH_LIBRARY_IMPL (which can be duplicated).  If you really intended to define operators for a single namespace in a distributed way, you can use TORCH_LIBRARY_FRAGMENT to explicitly indicate this.  Previous registration of TORCH_LIBRARY was registered at /home/chris/miniforge3/envs/thesis/lib/python3.10/site-packages/torch/_inductor/test_operators.py:8; latest registration was registered at /home/chris/miniforge3/envs/thesis/lib/python3.10/site-packages/torch/_inductor/test_operators.py:8

======================================================================
ERROR: test_cem_trace_indices_plan_rng_full_thirty_rounds (dtv_efficiency.test_profile.Integration)
----------------------------------------------------------------------
Traceback (most recent call last):
  File "/mnt/c/Users/Chris/thesis-recovery/dtv-efficiency-recovery-20260930/dtv_efficiency/test_profile.py", line 49, in setUp
    torch.manual_seed(99);self.world=World();self.job=dict(task='pusht',scorer_seed=6101,planner_seed=7101)
  File "/home/chris/miniforge3/envs/thesis/lib/python3.10/site-packages/torch/_compile.py", line 47, in inner
    import torch._dynamo
  File "/home/chris/miniforge3/envs/thesis/lib/python3.10/site-packages/torch/_dynamo/__init__.py", line 13, in <module>
    from . import (
  File "/home/chris/miniforge3/envs/thesis/lib/python3.10/site-packages/torch/_dynamo/aot_compile.py", line 17, in <module>
    from torch._dynamo.convert_frame import GraphRuntimeEnv
  File "/home/chris/miniforge3/envs/thesis/lib/python3.10/site-packages/torch/_dynamo/convert_frame.py", line 62, in <module>
    from torch._dynamo.symbolic_convert import TensorifyState
  File "/home/chris/miniforge3/envs/thesis/lib/python3.10/site-packages/torch/_dynamo/symbolic_convert.py", line 62, in <module>
    from . import (
  File "/home/chris/miniforge3/envs/thesis/lib/python3.10/site-packages/torch/_dynamo/trace_rules.py", line 45, in <module>
    import torch._inductor.test_operators
  File "/home/chris/miniforge3/envs/thesis/lib/python3.10/site-packages/torch/_inductor/test_operators.py", line 8, in <module>
    _test_lib_def = torch.library.Library("_inductor_test", "DEF")
  File "/home/chris/miniforge3/envs/thesis/lib/python3.10/site-packages/torch/library.py", line 244, in __init__
    self.m: Any | None = torch._C._dispatch_library(
RuntimeError: Only a single TORCH_LIBRARY can be used to register the namespace _inductor_test; please put all of your definitions in a single TORCH_LIBRARY block.  If you were trying to specify implementations, consider using TORCH_LIBRARY_IMPL (which can be duplicated).  If you really intended to define operators for a single namespace in a distributed way, you can use TORCH_LIBRARY_FRAGMENT to explicitly indicate this.  Previous registration of TORCH_LIBRARY was registered at /home/chris/miniforge3/envs/thesis/lib/python3.10/site-packages/torch/_inductor/test_operators.py:8; latest registration was registered at /home/chris/miniforge3/envs/thesis/lib/python3.10/site-packages/torch/_inductor/test_operators.py:8

======================================================================
ERROR: test_chunks_preserve_dtv_forward_and_acid_draws (dtv_efficiency.test_profile.Integration)
----------------------------------------------------------------------
Traceback (most recent call last):
  File "/mnt/c/Users/Chris/thesis-recovery/dtv-efficiency-recovery-20260930/dtv_efficiency/test_profile.py", line 49, in setUp
    torch.manual_seed(99);self.world=World();self.job=dict(task='pusht',scorer_seed=6101,planner_seed=7101)
  File "/home/chris/miniforge3/envs/thesis/lib/python3.10/site-packages/torch/_compile.py", line 47, in inner
    import torch._dynamo
  File "/home/chris/miniforge3/envs/thesis/lib/python3.10/site-packages/torch/_dynamo/__init__.py", line 13, in <module>
    from . import (
  File "/home/chris/miniforge3/envs/thesis/lib/python3.10/site-packages/torch/_dynamo/aot_compile.py", line 17, in <module>
    from torch._dynamo.convert_frame import GraphRuntimeEnv
  File "/home/chris/miniforge3/envs/thesis/lib/python3.10/site-packages/torch/_dynamo/convert_frame.py", line 62, in <module>
    from torch._dynamo.symbolic_convert import TensorifyState
  File "/home/chris/miniforge3/envs/thesis/lib/python3.10/site-packages/torch/_dynamo/symbolic_convert.py", line 62, in <module>
    from . import (
  File "/home/chris/miniforge3/envs/thesis/lib/python3.10/site-packages/torch/_dynamo/trace_rules.py", line 45, in <module>
    import torch._inductor.test_operators
  File "/home/chris/miniforge3/envs/thesis/lib/python3.10/site-packages/torch/_inductor/test_operators.py", line 8, in <module>
    _test_lib_def = torch.library.Library("_inductor_test", "DEF")
  File "/home/chris/miniforge3/envs/thesis/lib/python3.10/site-packages/torch/library.py", line 244, in __init__
    self.m: Any | None = torch._C._dispatch_library(
RuntimeError: Only a single TORCH_LIBRARY can be used to register the namespace _inductor_test; please put all of your definitions in a single TORCH_LIBRARY block.  If you were trying to specify implementations, consider using TORCH_LIBRARY_IMPL (which can be duplicated).  If you really intended to define operators for a single namespace in a distributed way, you can use TORCH_LIBRARY_FRAGMENT to explicitly indicate this.  Previous registration of TORCH_LIBRARY was registered at /home/chris/miniforge3/envs/thesis/lib/python3.10/site-packages/torch/_inductor/test_operators.py:8; latest registration was registered at /home/chris/miniforge3/envs/thesis/lib/python3.10/site-packages/torch/_inductor/test_operators.py:8

======================================================================
ERROR: test_d1_reduction_and_scaling (dtv_efficiency.test_profile.Integration)
----------------------------------------------------------------------
Traceback (most recent call last):
  File "/mnt/c/Users/Chris/thesis-recovery/dtv-efficiency-recovery-20260930/dtv_efficiency/test_profile.py", line 49, in setUp
    torch.manual_seed(99);self.world=World();self.job=dict(task='pusht',scorer_seed=6101,planner_seed=7101)
  File "/home/chris/miniforge3/envs/thesis/lib/python3.10/site-packages/torch/_compile.py", line 47, in inner
    import torch._dynamo
  File "/home/chris/miniforge3/envs/thesis/lib/python3.10/site-packages/torch/_dynamo/__init__.py", line 13, in <module>
    from . import (
  File "/home/chris/miniforge3/envs/thesis/lib/python3.10/site-packages/torch/_dynamo/aot_compile.py", line 17, in <module>
    from torch._dynamo.convert_frame import GraphRuntimeEnv
  File "/home/chris/miniforge3/envs/thesis/lib/python3.10/site-packages/torch/_dynamo/convert_frame.py", line 62, in <module>
    from torch._dynamo.symbolic_convert import TensorifyState
  File "/home/chris/miniforge3/envs/thesis/lib/python3.10/site-packages/torch/_dynamo/symbolic_convert.py", line 62, in <module>
    from . import (
  File "/home/chris/miniforge3/envs/thesis/lib/python3.10/site-packages/torch/_dynamo/trace_rules.py", line 45, in <module>
    import torch._inductor.test_operators
  File "/home/chris/miniforge3/envs/thesis/lib/python3.10/site-packages/torch/_inductor/test_operators.py", line 8, in <module>
    _test_lib_def = torch.library.Library("_inductor_test", "DEF")
  File "/home/chris/miniforge3/envs/thesis/lib/python3.10/site-packages/torch/library.py", line 244, in __init__
    self.m: Any | None = torch._C._dispatch_library(
RuntimeError: Only a single TORCH_LIBRARY can be used to register the namespace _inductor_test; please put all of your definitions in a single TORCH_LIBRARY block.  If you were trying to specify implementations, consider using TORCH_LIBRARY_IMPL (which can be duplicated).  If you really intended to define operators for a single namespace in a distributed way, you can use TORCH_LIBRARY_FRAGMENT to explicitly indicate this.  Previous registration of TORCH_LIBRARY was registered at /home/chris/miniforge3/envs/thesis/lib/python3.10/site-packages/torch/_inductor/test_operators.py:8; latest registration was registered at /home/chris/miniforge3/envs/thesis/lib/python3.10/site-packages/torch/_inductor/test_operators.py:8

======================================================================
ERROR: test_dtv_literal_matches_original_multilevel_equation (dtv_efficiency.test_profile.Integration)
----------------------------------------------------------------------
Traceback (most recent call last):
  File "/mnt/c/Users/Chris/thesis-recovery/dtv-efficiency-recovery-20260930/dtv_efficiency/test_profile.py", line 49, in setUp
    torch.manual_seed(99);self.world=World();self.job=dict(task='pusht',scorer_seed=6101,planner_seed=7101)
  File "/home/chris/miniforge3/envs/thesis/lib/python3.10/site-packages/torch/_compile.py", line 47, in inner
    import torch._dynamo
  File "/home/chris/miniforge3/envs/thesis/lib/python3.10/site-packages/torch/_dynamo/__init__.py", line 13, in <module>
    from . import (
  File "/home/chris/miniforge3/envs/thesis/lib/python3.10/site-packages/torch/_dynamo/aot_compile.py", line 17, in <module>
    from torch._dynamo.convert_frame import GraphRuntimeEnv
  File "/home/chris/miniforge3/envs/thesis/lib/python3.10/site-packages/torch/_dynamo/convert_frame.py", line 62, in <module>
    from torch._dynamo.symbolic_convert import TensorifyState
  File "/home/chris/miniforge3/envs/thesis/lib/python3.10/site-packages/torch/_dynamo/symbolic_convert.py", line 62, in <module>
    from . import (
  File "/home/chris/miniforge3/envs/thesis/lib/python3.10/site-packages/torch/_dynamo/trace_rules.py", line 45, in <module>
    import torch._inductor.test_operators
  File "/home/chris/miniforge3/envs/thesis/lib/python3.10/site-packages/torch/_inductor/test_operators.py", line 8, in <module>
    _test_lib_def = torch.library.Library("_inductor_test", "DEF")
  File "/home/chris/miniforge3/envs/thesis/lib/python3.10/site-packages/torch/library.py", line 244, in __init__
    self.m: Any | None = torch._C._dispatch_library(
RuntimeError: Only a single TORCH_LIBRARY can be used to register the namespace _inductor_test; please put all of your definitions in a single TORCH_LIBRARY block.  If you were trying to specify implementations, consider using TORCH_LIBRARY_IMPL (which can be duplicated).  If you really intended to define operators for a single namespace in a distributed way, you can use TORCH_LIBRARY_FRAGMENT to explicitly indicate this.  Previous registration of TORCH_LIBRARY was registered at /home/chris/miniforge3/envs/thesis/lib/python3.10/site-packages/torch/_inductor/test_operators.py:8; latest registration was registered at /home/chris/miniforge3/envs/thesis/lib/python3.10/site-packages/torch/_inductor/test_operators.py:8

======================================================================
ERROR: test_equivalence_rejects_changed_values_without_tolerance_relaxation (dtv_efficiency.test_profile.Integration)
----------------------------------------------------------------------
Traceback (most recent call last):
  File "/mnt/c/Users/Chris/thesis-recovery/dtv-efficiency-recovery-20260930/dtv_efficiency/test_profile.py", line 49, in setUp
    torch.manual_seed(99);self.world=World();self.job=dict(task='pusht',scorer_seed=6101,planner_seed=7101)
  File "/home/chris/miniforge3/envs/thesis/lib/python3.10/site-packages/torch/_compile.py", line 47, in inner
    import torch._dynamo
  File "/home/chris/miniforge3/envs/thesis/lib/python3.10/site-packages/torch/_dynamo/__init__.py", line 13, in <module>
    from . import (
  File "/home/chris/miniforge3/envs/thesis/lib/python3.10/site-packages/torch/_dynamo/aot_compile.py", line 17, in <module>
    from torch._dynamo.convert_frame import GraphRuntimeEnv
  File "/home/chris/miniforge3/envs/thesis/lib/python3.10/site-packages/torch/_dynamo/convert_frame.py", line 62, in <module>
    from torch._dynamo.symbolic_convert import TensorifyState
  File "/home/chris/miniforge3/envs/thesis/lib/python3.10/site-packages/torch/_dynamo/symbolic_convert.py", line 62, in <module>
    from . import (
  File "/home/chris/miniforge3/envs/thesis/lib/python3.10/site-packages/torch/_dynamo/trace_rules.py", line 45, in <module>
    import torch._inductor.test_operators
  File "/home/chris/miniforge3/envs/thesis/lib/python3.10/site-packages/torch/_inductor/test_operators.py", line 8, in <module>
    _test_lib_def = torch.library.Library("_inductor_test", "DEF")
  File "/home/chris/miniforge3/envs/thesis/lib/python3.10/site-packages/torch/library.py", line 244, in __init__
    self.m: Any | None = torch._C._dispatch_library(
RuntimeError: Only a single TORCH_LIBRARY can be used to register the namespace _inductor_test; please put all of your definitions in a single TORCH_LIBRARY block.  If you were trying to specify implementations, consider using TORCH_LIBRARY_IMPL (which can be duplicated).  If you really intended to define operators for a single namespace in a distributed way, you can use TORCH_LIBRARY_FRAGMENT to explicitly indicate this.  Previous registration of TORCH_LIBRARY was registered at /home/chris/miniforge3/envs/thesis/lib/python3.10/site-packages/torch/_inductor/test_operators.py:8; latest registration was registered at /home/chris/miniforge3/envs/thesis/lib/python3.10/site-packages/torch/_inductor/test_operators.py:8

======================================================================
ERROR: test_no_score_cache_and_one_rollout_each_call (dtv_efficiency.test_profile.Integration)
----------------------------------------------------------------------
Traceback (most recent call last):
  File "/mnt/c/Users/Chris/thesis-recovery/dtv-efficiency-recovery-20260930/dtv_efficiency/test_profile.py", line 49, in setUp
    torch.manual_seed(99);self.world=World();self.job=dict(task='pusht',scorer_seed=6101,planner_seed=7101)
  File "/home/chris/miniforge3/envs/thesis/lib/python3.10/site-packages/torch/_compile.py", line 47, in inner
    import torch._dynamo
  File "/home/chris/miniforge3/envs/thesis/lib/python3.10/site-packages/torch/_dynamo/__init__.py", line 13, in <module>
    from . import (
  File "/home/chris/miniforge3/envs/thesis/lib/python3.10/site-packages/torch/_dynamo/aot_compile.py", line 17, in <module>
    from torch._dynamo.convert_frame import GraphRuntimeEnv
  File "/home/chris/miniforge3/envs/thesis/lib/python3.10/site-packages/torch/_dynamo/convert_frame.py", line 62, in <module>
    from torch._dynamo.symbolic_convert import TensorifyState
  File "/home/chris/miniforge3/envs/thesis/lib/python3.10/site-packages/torch/_dynamo/symbolic_convert.py", line 62, in <module>
    from . import (
  File "/home/chris/miniforge3/envs/thesis/lib/python3.10/site-packages/torch/_dynamo/trace_rules.py", line 45, in <module>
    import torch._inductor.test_operators
  File "/home/chris/miniforge3/envs/thesis/lib/python3.10/site-packages/torch/_inductor/test_operators.py", line 8, in <module>
    _test_lib_def = torch.library.Library("_inductor_test", "DEF")
  File "/home/chris/miniforge3/envs/thesis/lib/python3.10/site-packages/torch/library.py", line 244, in __init__
    self.m: Any | None = torch._C._dispatch_library(
RuntimeError: Only a single TORCH_LIBRARY can be used to register the namespace _inductor_test; please put all of your definitions in a single TORCH_LIBRARY block.  If you were trying to specify implementations, consider using TORCH_LIBRARY_IMPL (which can be duplicated).  If you really intended to define operators for a single namespace in a distributed way, you can use TORCH_LIBRARY_FRAGMENT to explicitly indicate this.  Previous registration of TORCH_LIBRARY was registered at /home/chris/miniforge3/envs/thesis/lib/python3.10/site-packages/torch/_inductor/test_operators.py:8; latest registration was registered at /home/chris/miniforge3/envs/thesis/lib/python3.10/site-packages/torch/_inductor/test_operators.py:8

======================================================================
ERROR: test_operational_cpu_diagnostics_retained (dtv_efficiency.test_profile.Integration)
----------------------------------------------------------------------
Traceback (most recent call last):
  File "/mnt/c/Users/Chris/thesis-recovery/dtv-efficiency-recovery-20260930/dtv_efficiency/test_profile.py", line 49, in setUp
    torch.manual_seed(99);self.world=World();self.job=dict(task='pusht',scorer_seed=6101,planner_seed=7101)
  File "/home/chris/miniforge3/envs/thesis/lib/python3.10/site-packages/torch/_compile.py", line 47, in inner
    import torch._dynamo
  File "/home/chris/miniforge3/envs/thesis/lib/python3.10/site-packages/torch/_dynamo/__init__.py", line 13, in <module>
    from . import (
  File "/home/chris/miniforge3/envs/thesis/lib/python3.10/site-packages/torch/_dynamo/aot_compile.py", line 17, in <module>
    from torch._dynamo.convert_frame import GraphRuntimeEnv
  File "/home/chris/miniforge3/envs/thesis/lib/python3.10/site-packages/torch/_dynamo/convert_frame.py", line 62, in <module>
    from torch._dynamo.symbolic_convert import TensorifyState
  File "/home/chris/miniforge3/envs/thesis/lib/python3.10/site-packages/torch/_dynamo/symbolic_convert.py", line 62, in <module>
    from . import (
  File "/home/chris/miniforge3/envs/thesis/lib/python3.10/site-packages/torch/_dynamo/trace_rules.py", line 45, in <module>
    import torch._inductor.test_operators
  File "/home/chris/miniforge3/envs/thesis/lib/python3.10/site-packages/torch/_inductor/test_operators.py", line 8, in <module>
    _test_lib_def = torch.library.Library("_inductor_test", "DEF")
  File "/home/chris/miniforge3/envs/thesis/lib/python3.10/site-packages/torch/library.py", line 244, in __init__
    self.m: Any | None = torch._C._dispatch_library(
RuntimeError: Only a single TORCH_LIBRARY can be used to register the namespace _inductor_test; please put all of your definitions in a single TORCH_LIBRARY block.  If you were trying to specify implementations, consider using TORCH_LIBRARY_IMPL (which can be duplicated).  If you really intended to define operators for a single namespace in a distributed way, you can use TORCH_LIBRARY_FRAGMENT to explicitly indicate this.  Previous registration of TORCH_LIBRARY was registered at /home/chris/miniforge3/envs/thesis/lib/python3.10/site-packages/torch/_inductor/test_operators.py:8; latest registration was registered at /home/chris/miniforge3/envs/thesis/lib/python3.10/site-packages/torch/_inductor/test_operators.py:8

======================================================================
ERROR: test_separate_owned_equal_initial_streams_diverge_by_decisions (dtv_efficiency.test_profile.Integration)
----------------------------------------------------------------------
Traceback (most recent call last):
  File "/mnt/c/Users/Chris/thesis-recovery/dtv-efficiency-recovery-20260930/dtv_efficiency/test_profile.py", line 49, in setUp
    torch.manual_seed(99);self.world=World();self.job=dict(task='pusht',scorer_seed=6101,planner_seed=7101)
  File "/home/chris/miniforge3/envs/thesis/lib/python3.10/site-packages/torch/_compile.py", line 47, in inner
    import torch._dynamo
  File "/home/chris/miniforge3/envs/thesis/lib/python3.10/site-packages/torch/_dynamo/__init__.py", line 13, in <module>
    from . import (
  File "/home/chris/miniforge3/envs/thesis/lib/python3.10/site-packages/torch/_dynamo/aot_compile.py", line 17, in <module>
    from torch._dynamo.convert_frame import GraphRuntimeEnv
  File "/home/chris/miniforge3/envs/thesis/lib/python3.10/site-packages/torch/_dynamo/convert_frame.py", line 62, in <module>
    from torch._dynamo.symbolic_convert import TensorifyState
  File "/home/chris/miniforge3/envs/thesis/lib/python3.10/site-packages/torch/_dynamo/symbolic_convert.py", line 62, in <module>
    from . import (
  File "/home/chris/miniforge3/envs/thesis/lib/python3.10/site-packages/torch/_dynamo/trace_rules.py", line 45, in <module>
    import torch._inductor.test_operators
  File "/home/chris/miniforge3/envs/thesis/lib/python3.10/site-packages/torch/_inductor/test_operators.py", line 8, in <module>
    _test_lib_def = torch.library.Library("_inductor_test", "DEF")
  File "/home/chris/miniforge3/envs/thesis/lib/python3.10/site-packages/torch/library.py", line 244, in __init__
    self.m: Any | None = torch._C._dispatch_library(
RuntimeError: Only a single TORCH_LIBRARY can be used to register the namespace _inductor_test; please put all of your definitions in a single TORCH_LIBRARY block.  If you were trying to specify implementations, consider using TORCH_LIBRARY_IMPL (which can be duplicated).  If you really intended to define operators for a single namespace in a distributed way, you can use TORCH_LIBRARY_FRAGMENT to explicitly indicate this.  Previous registration of TORCH_LIBRARY was registered at /home/chris/miniforge3/envs/thesis/lib/python3.10/site-packages/torch/_inductor/test_operators.py:8; latest registration was registered at /home/chris/miniforge3/envs/thesis/lib/python3.10/site-packages/torch/_inductor/test_operators.py:8

======================================================================
ERROR: test_single_noise_bank_is_new_first_draw_not_legacy_middle (dtv_efficiency.test_profile.Integration)
----------------------------------------------------------------------
Traceback (most recent call last):
  File "/mnt/c/Users/Chris/thesis-recovery/dtv-efficiency-recovery-20260930/dtv_efficiency/test_profile.py", line 49, in setUp
    torch.manual_seed(99);self.world=World();self.job=dict(task='pusht',scorer_seed=6101,planner_seed=7101)
  File "/home/chris/miniforge3/envs/thesis/lib/python3.10/site-packages/torch/_compile.py", line 47, in inner
    import torch._dynamo
  File "/home/chris/miniforge3/envs/thesis/lib/python3.10/site-packages/torch/_dynamo/__init__.py", line 13, in <module>
    from . import (
  File "/home/chris/miniforge3/envs/thesis/lib/python3.10/site-packages/torch/_dynamo/aot_compile.py", line 17, in <module>
    from torch._dynamo.convert_frame import GraphRuntimeEnv
  File "/home/chris/miniforge3/envs/thesis/lib/python3.10/site-packages/torch/_dynamo/convert_frame.py", line 62, in <module>
    from torch._dynamo.symbolic_convert import TensorifyState
  File "/home/chris/miniforge3/envs/thesis/lib/python3.10/site-packages/torch/_dynamo/symbolic_convert.py", line 62, in <module>
    from . import (
  File "/home/chris/miniforge3/envs/thesis/lib/python3.10/site-packages/torch/_dynamo/trace_rules.py", line 45, in <module>
    import torch._inductor.test_operators
  File "/home/chris/miniforge3/envs/thesis/lib/python3.10/site-packages/torch/_inductor/test_operators.py", line 8, in <module>
    _test_lib_def = torch.library.Library("_inductor_test", "DEF")
  File "/home/chris/miniforge3/envs/thesis/lib/python3.10/site-packages/torch/library.py", line 244, in __init__
    self.m: Any | None = torch._C._dispatch_library(
RuntimeError: Only a single TORCH_LIBRARY can be used to register the namespace _inductor_test; please put all of your definitions in a single TORCH_LIBRARY block.  If you were trying to specify implementations, consider using TORCH_LIBRARY_IMPL (which can be duplicated).  If you really intended to define operators for a single namespace in a distributed way, you can use TORCH_LIBRARY_FRAGMENT to explicitly indicate this.  Previous registration of TORCH_LIBRARY was registered at /home/chris/miniforge3/envs/thesis/lib/python3.10/site-packages/torch/_inductor/test_operators.py:8; latest registration was registered at /home/chris/miniforge3/envs/thesis/lib/python3.10/site-packages/torch/_inductor/test_operators.py:8

======================================================================
ERROR: test_v3_forward_and_acid_lambdas (dtv_efficiency.test_profile.Integration)
----------------------------------------------------------------------
Traceback (most recent call last):
  File "/mnt/c/Users/Chris/thesis-recovery/dtv-efficiency-recovery-20260930/dtv_efficiency/test_profile.py", line 49, in setUp
    torch.manual_seed(99);self.world=World();self.job=dict(task='pusht',scorer_seed=6101,planner_seed=7101)
  File "/home/chris/miniforge3/envs/thesis/lib/python3.10/site-packages/torch/_compile.py", line 47, in inner
    import torch._dynamo
  File "/home/chris/miniforge3/envs/thesis/lib/python3.10/site-packages/torch/_dynamo/__init__.py", line 13, in <module>
    from . import (
  File "/home/chris/miniforge3/envs/thesis/lib/python3.10/site-packages/torch/_dynamo/aot_compile.py", line 17, in <module>
    from torch._dynamo.convert_frame import GraphRuntimeEnv
  File "/home/chris/miniforge3/envs/thesis/lib/python3.10/site-packages/torch/_dynamo/convert_frame.py", line 62, in <module>
    from torch._dynamo.symbolic_convert import TensorifyState
  File "/home/chris/miniforge3/envs/thesis/lib/python3.10/site-packages/torch/_dynamo/symbolic_convert.py", line 62, in <module>
    from . import (
  File "/home/chris/miniforge3/envs/thesis/lib/python3.10/site-packages/torch/_dynamo/trace_rules.py", line 45, in <module>
    import torch._inductor.test_operators
  File "/home/chris/miniforge3/envs/thesis/lib/python3.10/site-packages/torch/_inductor/test_operators.py", line 8, in <module>
    _test_lib_def = torch.library.Library("_inductor_test", "DEF")
  File "/home/chris/miniforge3/envs/thesis/lib/python3.10/site-packages/torch/library.py", line 244, in __init__
    self.m: Any | None = torch._C._dispatch_library(
RuntimeError: Only a single TORCH_LIBRARY can be used to register the namespace _inductor_test; please put all of your definitions in a single TORCH_LIBRARY block.  If you were trying to specify implementations, consider using TORCH_LIBRARY_IMPL (which can be duplicated).  If you really intended to define operators for a single namespace in a distributed way, you can use TORCH_LIBRARY_FRAGMENT to explicitly indicate this.  Previous registration of TORCH_LIBRARY was registered at /home/chris/miniforge3/envs/thesis/lib/python3.10/site-packages/torch/_inductor/test_operators.py:8; latest registration was registered at /home/chris/miniforge3/envs/thesis/lib/python3.10/site-packages/torch/_inductor/test_operators.py:8

======================================================================
ERROR: test_warmup_reset_cost_call_index (dtv_efficiency.test_profile.Integration)
----------------------------------------------------------------------
Traceback (most recent call last):
  File "/mnt/c/Users/Chris/thesis-recovery/dtv-efficiency-recovery-20260930/dtv_efficiency/test_profile.py", line 49, in setUp
    torch.manual_seed(99);self.world=World();self.job=dict(task='pusht',scorer_seed=6101,planner_seed=7101)
  File "/home/chris/miniforge3/envs/thesis/lib/python3.10/site-packages/torch/_compile.py", line 47, in inner
    import torch._dynamo
  File "/home/chris/miniforge3/envs/thesis/lib/python3.10/site-packages/torch/_dynamo/__init__.py", line 13, in <module>
    from . import (
  File "/home/chris/miniforge3/envs/thesis/lib/python3.10/site-packages/torch/_dynamo/aot_compile.py", line 17, in <module>
    from torch._dynamo.convert_frame import GraphRuntimeEnv
  File "/home/chris/miniforge3/envs/thesis/lib/python3.10/site-packages/torch/_dynamo/convert_frame.py", line 62, in <module>
    from torch._dynamo.symbolic_convert import TensorifyState
  File "/home/chris/miniforge3/envs/thesis/lib/python3.10/site-packages/torch/_dynamo/symbolic_convert.py", line 62, in <module>
    from . import (
  File "/home/chris/miniforge3/envs/thesis/lib/python3.10/site-packages/torch/_dynamo/trace_rules.py", line 45, in <module>
    import torch._inductor.test_operators
  File "/home/chris/miniforge3/envs/thesis/lib/python3.10/site-packages/torch/_inductor/test_operators.py", line 8, in <module>
    _test_lib_def = torch.library.Library("_inductor_test", "DEF")
  File "/home/chris/miniforge3/envs/thesis/lib/python3.10/site-packages/torch/library.py", line 244, in __init__
    self.m: Any | None = torch._C._dispatch_library(
RuntimeError: Only a single TORCH_LIBRARY can be used to register the namespace _inductor_test; please put all of your definitions in a single TORCH_LIBRARY block.  If you were trying to specify implementations, consider using TORCH_LIBRARY_IMPL (which can be duplicated).  If you really intended to define operators for a single namespace in a distributed way, you can use TORCH_LIBRARY_FRAGMENT to explicitly indicate this.  Previous registration of TORCH_LIBRARY was registered at /home/chris/miniforge3/envs/thesis/lib/python3.10/site-packages/torch/_inductor/test_operators.py:8; latest registration was registered at /home/chris/miniforge3/envs/thesis/lib/python3.10/site-packages/torch/_inductor/test_operators.py:8

----------------------------------------------------------------------
Ran 71 tests in 19.966s

FAILED (errors=16)
